Release 14.1 Map P.15xf (lin64)
Xilinx Map Application Log File for Design 'top_level'

Design Information
------------------
Command Line   : map -intstyle ise -p xc6slx16-csg324-2 -w -logic_opt off -ol
high -t 1 -xt 0 -register_duplication off -r 4 -global_opt off -mt off -ir off
-pr off -lc off -power off -o top_level_map.ncd top_level.ngd top_level.pcf 
Target Device  : xc6slx16
Target Package : csg324
Target Speed   : -2
Mapper Version : spartan6 -- $Revision: 1.55 $
Mapped Date    : Sun Apr 16 18:09:40 2017

vvvvvvvvvvvvvvvvvvvvvvvvvvvvvvvvvvvvvvvvvvvvvvvvvvvvvvvvvvvvvvvvvvvvvv
INFO:Security:54 - 'xc6slx16' is a WebPack part.
INFO:Security:61 - The XILINXD_LICENSE_FILE environment variable is not set.
INFO:Security:63 - The LM_LICENSE_FILE environment variable is not set.
INFO:Security:68 - For more information or for assistance in obtaining 
 a license, please run the Xilinx License Configuration Manager
       (xlcm or "Manage Xilinx Licenses".)
INFO:Security:68a - user is piyush, on host unknown.
ERROR:Security:9c - No 'ISE' nor 'WebPack' feature version 2012.04 was available
for part 'xc6slx16'.
----------------------------------------------------------------------
No such feature exists.
Feature:       WebPack
License path: 
/home/piyush/.Xilinx/Xilinx.lic:/opt/Xilinx/14.1/ISE_DS/ISE//data/*.lic:/opt/Xil
inx/14.1/ISE_DS/ISE//coregen/core_licenses/Xilinx.lic:/opt/Xilinx/14.1/ISE_DS/IS
E//coregen/core_licenses/XilinxFree.lic:
FLEXnet Licensing error:-5,357.  System Error: 2 "No such file or directory"
For further information, refer to the FLEXnet Licensing documentation,
available at "www.acresso.com".No such feature exists.
Feature:       ISE
License path: 
/home/piyush/.Xilinx/Xilinx.lic:/opt/Xilinx/14.1/ISE_DS/ISE//data/*.lic:/opt/Xil
inx/14.1/ISE_DS/ISE//coregen/core_licenses/Xilinx.lic:/opt/Xilinx/14.1/ISE_DS/IS
E//coregen/core_licenses/XilinxFree.lic:
FLEXnet Licensing error:-5,357
For further information, refer to the FLEXnet Licensing documentation,
available at "www.acresso.com".
^^^^^^^^^^^^^^^^^^^^^^^^^^^^^^^^^^^^^^^^^^^^^^^^^^^^^^^^^^^^^^^^^^^^^^
ERROR:Map:258 - A problem was encountered attempting to get the license for this
   architecture.



Design Summary
--------------
Number of errors   :   1
Number of warnings :   0
